// Jest Snapshot v1, https://goo.gl/fbAQLP

exports[`Summary renders full component 1`] = `
<DocumentFragment>
  <div
    class="summary outrageous"
  >
    <div
      class="summary__main"
    >
      <div
        class="summary__icon m-r-2"
      >
        <strong>
          icon
        </strong>
      </div>
      <div
        class="summary__body"
      >
        <div
          class="summary__title"
        >
          <strong>
            Hello world
          </strong>
          <div
            class="summary__help m-l-2"
          >
            <span
              data-toggle="popover"
              role="button"
              tabindex="0"
            >
              <span
                aria-hidden="true"
                class="tw-icon tw-icon-help-circle "
                role="presentation"
              >
                <svg
                  fill="currentColor"
                  height="16"
                  width="16"
                >
                  <path
                    d="M9 11a1 1 0 11-2 0 1 1 0 012 0zM10.443 4.8A2.3 2.3 0 007.3 3.96L5.136 5.21l.8 1.385L8.1 5.345a.7.7 0 01.7 1.212l-2.165 1.25.8 1.386L9.6 7.943a2.3 2.3 0 00.842-3.142z"
                  />
                  <path
                    clip-rule="evenodd"
                    d="M8 16A8 8 0 108 0a8 8 0 000 16zm0-1.6A6.4 6.4 0 108 1.6a6.4 6.4 0 000 12.8z"
                    fill-rule="evenodd"
                  />
                </svg>
              </span>
            </span>
            <div
              class="tw-popover popover animate in scale-down"
            >
              <h3
                class="popover-title"
              >
                Need help?
              </h3>
              <p
                class="popover-content m-b-0"
              >
                This is some help content
              </p>
            </div>
          </div>
        </div>
        <div
          class="summary__content"
        >
          <p>
            This is some content
          </p>
        </div>
      </div>
    </div>
  </div>
</DocumentFragment>
`;

exports[`Summary renders minimal component 1`] = `
<DocumentFragment>
  <div
    class="summary"
  >
    <div
      class="summary__main"
    >
      <div
        class="summary__icon m-r-2"
      >
        <strong>
          icon
        </strong>
      </div>
      <div
        class="summary__body"
      >
        <div
          class="summary__title"
        >
          <strong>
            Hello world
          </strong>
        </div>
      </div>
    </div>
  </div>
</DocumentFragment>
`;
